
Allocating common symbols
Common symbol       size              file

g_bss               0x1               main.o
g_data              0x1               main.o

Memory Configuration

Name             Origin             Length             Attributes
flash            0x08000000         0x00020000         xr
sram             0x20000000         0x00005000         xrw
*default*        0x00000000         0xffffffff

Linker script and memory map


.text           0x08000000      0x161
 *(.vectors*)
 .vectors       0x08000000       0x1c startup.o
                0x08000000                vectors
 *(.text*)
 .text          0x0800001c       0x88 main.o
                0x0800001c                main
 .text          0x080000a4       0xbc startup.o
                0x080000a4                MM_Fault_Handler
                0x080000a4                Hard_Fault_Handler
                0x080000a4                Bus_Fault
                0x080000a4                Default_Handler
                0x080000a4                Usage_Fault_Handler
                0x080000a4                NMI_Handler
                0x080000b0                Reset_Handler
 *(.rodata)
 .rodata        0x08000160        0x1 main.o
                0x08000160                g_const
                0x08000161                _E_text = .

.glue_7         0x08000164        0x0
 .glue_7        0x00000000        0x0 linker stubs

.glue_7t        0x08000164        0x0
 .glue_7t       0x00000000        0x0 linker stubs

.vfp11_veneer   0x08000164        0x0
 .vfp11_veneer  0x00000000        0x0 linker stubs

.v4_bx          0x08000164        0x0
 .v4_bx         0x00000000        0x0 linker stubs

.iplt           0x08000164        0x0
 .iplt          0x00000000        0x0 main.o

.rel.dyn        0x08000164        0x0
 .rel.iplt      0x00000000        0x0 main.o

.data           0x20000000        0x0 load address 0x08000161
                0x20000000                _S_DATA = .
 *(.data)
 .data          0x20000000        0x0 main.o
 .data          0x20000000        0x0 startup.o
                0x20000000                _E_DATA = .
                0x20000000                . = ALIGN (0x4)

.igot.plt       0x20000000        0x0 load address 0x08000164
 .igot.plt      0x00000000        0x0 main.o

.bss            0x20000000     0x1002 load address 0x08000161
                0x20000000                _S_bss = .
 *(.bss*)
 .bss           0x20000000        0x0 main.o
 .bss           0x20000000        0x0 startup.o
                0x20000000                _E_bss = .
                0x20000000                . = ALIGN (0x4)
                0x20001000                . = (. + 0x1000)
 *fill*         0x20000000     0x1000 
                0x20001000                _stack_top = .
 COMMON         0x20001000        0x2 main.o
                0x20001000                g_bss
                0x20001001                g_data
LOAD main.o
LOAD startup.o
OUTPUT(lab2.elf elf32-littlearm)

.debug_info     0x00000000      0x24b
 .debug_info    0x00000000       0xe4 main.o
 .debug_info    0x000000e4      0x167 startup.o

.debug_abbrev   0x00000000      0x13a
 .debug_abbrev  0x00000000       0x7a main.o
 .debug_abbrev  0x0000007a       0xc0 startup.o

.debug_loc      0x00000000       0x9c
 .debug_loc     0x00000000       0x38 main.o
 .debug_loc     0x00000038       0x64 startup.o

.debug_aranges  0x00000000       0x40
 .debug_aranges
                0x00000000       0x20 main.o
 .debug_aranges
                0x00000020       0x20 startup.o

.debug_line     0x00000000      0x10d
 .debug_line    0x00000000       0x5c main.o
 .debug_line    0x0000005c       0xb1 startup.o

.debug_str      0x00000000      0x14f
 .debug_str     0x00000000       0xbd main.o
                                 0xf6 (size before relaxing)
 .debug_str     0x000000bd       0x92 startup.o
                                0x15b (size before relaxing)

.comment        0x00000000       0x11
 .comment       0x00000000       0x11 main.o
                                 0x12 (size before relaxing)
 .comment       0x00000000       0x12 startup.o

.ARM.attributes
                0x00000000       0x33
 .ARM.attributes
                0x00000000       0x33 main.o
 .ARM.attributes
                0x00000033       0x33 startup.o

.debug_frame    0x00000000       0x78
 .debug_frame   0x00000000       0x2c main.o
 .debug_frame   0x0000002c       0x4c startup.o
